============================= test session starts =============================

platform win32 -- Python 3.12.3, pytest-9.0.2, pluggy-1.6.0

django: version: 5.1.15, settings: config.settings (from ini)

rootdir: C:\Dev\Berry-Gym

configfile: pyproject.toml

plugins: anyio-4.12.1, Faker-40.4.0, locust-2.43.3, cov-7.0.0, django-4.11.1

collected 732 items



core\tests\test_ai_recommendations.py .....                              [  0%]

core\tests\test_algorithm_audit.py ...........                           [  2%]

core\tests\test_api_endpoints.py ....................................... [  7%]

....................................                                     [ 12%]

core\tests\test_auth.py ......s..........                                [ 14%]

core\tests\test_body_tracking.py .................                       [ 17%]

core\tests\test_bodytracking_cardio.py ................................. [ 21%]

..                                                                       [ 21%]

core\tests\test_caching.py ........                                      [ 22%]

core\tests\test_chart_generator.py ...................................   [ 27%]

core\tests\test_config_cardio.py ..............................          [ 31%]

core\tests\test_context_helpers.py ..................                    [ 34%]

core\tests\test_disclaimers.py .......                                   [ 35%]

core\tests\test_exercise_library.py ...........................          [ 38%]

core\tests\test_exercise_management.py .......................           [ 42%]

core\tests\test_export.py ..............                                 [ 43%]

core\tests\test_helpers.py ......                                        [ 44%]

core\tests\test_helpers_and_utils.py ................................... [ 49%]

.s..............................                                         [ 53%]

core\tests\test_indexes.py ............                                  [ 55%]

core\tests\test_integration.py ....                                      [ 56%]

core\tests\test_koerpergewicht_support.py ......................         [ 59%]

core\tests\test_logging.py .....sss..                                    [ 60%]

core\tests\test_ml_trainer.py ................                           [ 62%]

core\tests\test_models.py ...................                            [ 65%]

core\tests\test_n_plus_one.py ......                                     [ 66%]

core\tests\test_offline_notifications.py ..................              [ 68%]

core\tests\test_plan.py .............                                    [ 70%]

core\tests\test_plan_management.py ................                      [ 72%]

core\tests\test_plan_templates.py ....................                   [ 75%]

core\tests\test_plan_templates_ml.py .............................       [ 79%]

core\tests\test_refactoring.py ........................................  [ 84%]

core\tests\test_sources.py .......................                       [ 87%]

core\tests\test_statistics_helpers.py .................................. [ 92%]

....                                                                     [ 93%]

core\tests\test_training_stats_extended.py ............................. [ 96%]

....                                                                     [ 97%]

core\tests\test_training_views.py ..................                     [100%]



============================== warnings summary ===============================

.venv\Lib\site-packages\django\db\models\fields\__init__.py:1142

  C:\Dev\Berry-Gym\.venv\Lib\site-packages\django\db\models\fields\__init__.py:1142: RemovedInDjango60Warning: The default scheme will be changed from 'http' to 'https' in Django 6.0. Pass the forms.URLField.assume_scheme argument to silence this warning, or set the FORMS_URLFIELD_ASSUME_HTTPS transitional setting to True to opt into using 'https' as the new default scheme.

    return form_class(**defaults)



core/tests/test_ai_recommendations.py: 5 warnings

core/tests/test_algorithm_audit.py: 11 warnings

core/tests/test_api_endpoints.py: 65 warnings

core/tests/test_auth.py: 6 warnings

core/tests/test_body_tracking.py: 17 warnings

core/tests/test_bodytracking_cardio.py: 39 warnings

core/tests/test_config_cardio.py: 22 warnings

core/tests/test_disclaimers.py: 1 warning

core/tests/test_exercise_library.py: 23 warnings

core/tests/test_exercise_management.py: 21 warnings

core/tests/test_export.py: 11 warnings

core/tests/test_helpers_and_utils.py: 29 warnings

core/tests/test_integration.py: 5 warnings

core/tests/test_koerpergewicht_support.py: 8 warnings

core/tests/test_ml_trainer.py: 16 warnings

core/tests/test_models.py: 13 warnings

core/tests/test_n_plus_one.py: 8 warnings

core/tests/test_offline_notifications.py: 19 warnings

core/tests/test_plan.py: 16 warnings

core/tests/test_plan_management.py: 19 warnings

core/tests/test_plan_templates.py: 18 warnings

core/tests/test_plan_templates_ml.py: 24 warnings

core/tests/test_training_stats_extended.py: 35 warnings

core/tests/test_training_views.py: 24 warnings

  C:\Dev\Berry-Gym\.venv\Lib\site-packages\factory\django.py:182: DeprecationWarning: UserFactory._after_postgeneration will stop saving the instance after postgeneration hooks in the next major release.

  If the save call is extraneous, set skip_postgeneration_save=True in the UserFactory.Meta.

  To keep saving the instance, move the save call to your postgeneration hooks or override _after_postgeneration.

    warnings.warn(



core/tests/test_n_plus_one.py::TestTrainingStatsNoNPlusOne::test_query_count_stable_with_more_trainings

core/tests/test_refactoring.py::TrainingStatsViewsTest::test_training_stats_loads

core/tests/test_training_stats_extended.py::TestTrainingStats::test_loads_with_data

  C:\Dev\Berry-Gym\.venv\Lib\site-packages\django\db\models\fields\__init__.py:1606: RuntimeWarning: DateTimeField Trainingseinheit.datum received a naive datetime (2025-11-22 00:00:00) while time zone support is active.

    warnings.warn(



-- Docs: https://docs.pytest.org/en/stable/how-to/capture-warnings.html

========== 727 passed, 5 skipped, 459 warnings in 262.90s (0:04:22) ===========

